Using pre-set license
Built from '2021.3/staging' branch; Version is '2021.3.42f1 (f1197811e8ce) revision 15800696'; Using compiler version '192829333'; Build Type 'Release'
OS: 'Windows 10  (10.0.19045) 64bit Core' Language: 'es' Physical Memory: 7113 MB
BatchMode: 1, IsHumanControllingUs: 0, StartBugReporterOnCrash: 0, Is64bit: 1, IsPro: 1

COMMAND LINE ARGUMENTS:
C:\Program Files\Unity\Hub\Editor\2021.3.42f1\Editor\Unity.exe
-adb2
-batchMode
-noUpm
-name
AssetImportWorker2
-projectPath
C:/Users/Usuario/Documents/GitHub/TheToll/NSFW15
-logFile
Logs/AssetImportWorker2.log
-srvPort
50792
Successfully changed project path to: C:/Users/Usuario/Documents/GitHub/TheToll/NSFW15
C:/Users/Usuario/Documents/GitHub/TheToll/NSFW15
[UnityMemory] Configuration Parameters - Can be set up in boot.config
    "memorysetup-bucket-allocator-granularity=16"
    "memorysetup-bucket-allocator-bucket-count=8"
    "memorysetup-bucket-allocator-block-size=33554432"
    "memorysetup-bucket-allocator-block-count=8"
    "memorysetup-main-allocator-block-size=16777216"
    "memorysetup-thread-allocator-block-size=16777216"
    "memorysetup-gfx-main-allocator-block-size=16777216"
    "memorysetup-gfx-thread-allocator-block-size=16777216"
    "memorysetup-cache-allocator-block-size=4194304"
    "memorysetup-typetree-allocator-block-size=2097152"
    "memorysetup-profiler-bucket-allocator-granularity=16"
    "memorysetup-profiler-bucket-allocator-bucket-count=8"
    "memorysetup-profiler-bucket-allocator-block-size=33554432"
    "memorysetup-profiler-bucket-allocator-block-count=8"
    "memorysetup-profiler-allocator-block-size=16777216"
    "memorysetup-profiler-editor-allocator-block-size=1048576"
    "memorysetup-temp-allocator-size-main=16777216"
    "memorysetup-job-temp-allocator-block-size=2097152"
    "memorysetup-job-temp-allocator-block-size-background=1048576"
    "memorysetup-job-temp-allocator-reduction-small-platforms=262144"
    "memorysetup-temp-allocator-size-background-worker=32768"
    "memorysetup-temp-allocator-size-job-worker=262144"
    "memorysetup-temp-allocator-size-preload-manager=33554432"
    "memorysetup-temp-allocator-size-nav-mesh-worker=65536"
    "memorysetup-temp-allocator-size-audio-worker=65536"
    "memorysetup-temp-allocator-size-cloud-worker=32768"
    "memorysetup-temp-allocator-size-gi-baking-worker=262144"
    "memorysetup-temp-allocator-size-gfx=262144"
Player connection [1320] Host "[IP] 192.168.1.5 [Port] 0 [Flags] 2 [Guid] 2144680837 [EditorId] 2144680837 [Version] 1048832 [Id] WindowsEditor(7,LAPTOP-7NK7EKN0) [Debug] 1 [PackageName] WindowsEditor [ProjectName] Editor" joined multi-casting on [225.0.0.222:54997]...

Player connection [1320] Host "[IP] 192.168.1.5 [Port] 0 [Flags] 2 [Guid] 2144680837 [EditorId] 2144680837 [Version] 1048832 [Id] WindowsEditor(7,LAPTOP-7NK7EKN0) [Debug] 1 [PackageName] WindowsEditor [ProjectName] Editor" joined alternative multi-casting on [225.0.0.222:34997]...

[Physics::Module] Initialized MultithreadedJobDispatcher with {0} workers.
Refreshing native plugins compatible for Editor in 416.71 ms, found 3 plugins.
Preloading 0 native plugins for Editor in 0.00 ms.
Initialize engine version: 2021.3.42f1 (f1197811e8ce)
[Subsystems] Discovering subsystems at path C:/Program Files/Unity/Hub/Editor/2021.3.42f1/Editor/Data/Resources/UnitySubsystems
[Subsystems] Discovering subsystems at path C:/Users/Usuario/Documents/GitHub/TheToll/NSFW15/Assets
GfxDevice: creating device client; threaded=0; jobified=0
Direct3D:
    Version:  Direct3D 11.0 [level 11.1]
    Renderer: AMD Radeon(TM) R4 Graphics (ID=0x9851)
    Vendor:   ATI
    VRAM:     1007 MB
    Driver:   21.19.144.257
Initialize mono
Mono path[0] = 'C:/Program Files/Unity/Hub/Editor/2021.3.42f1/Editor/Data/Managed'
Mono path[1] = 'C:/Program Files/Unity/Hub/Editor/2021.3.42f1/Editor/Data/MonoBleedingEdge/lib/mono/unityjit-win32'
Mono config path = 'C:/Program Files/Unity/Hub/Editor/2021.3.42f1/Editor/Data/MonoBleedingEdge/etc'
Using monoOptions --debugger-agent=transport=dt_socket,embedding=1,server=y,suspend=n,address=127.0.0.1:56060
Begin MonoManager ReloadAssembly
Registering precompiled unity dll's ...
Register platform support module: C:/Program Files/Unity/Hub/Editor/2021.3.42f1/Editor/Data/PlaybackEngines/WebGLSupport/UnityEditor.WebGL.Extensions.dll
Register platform support module: C:/Program Files/Unity/Hub/Editor/2021.3.42f1/Editor/Data/PlaybackEngines/WindowsStandaloneSupport/UnityEditor.WindowsStandalone.Extensions.dll
Registered in 0.032295 seconds.
Native extension for WindowsStandalone target not found
Native extension for WebGL target not found
Refreshing native plugins compatible for Editor in 476.57 ms, found 3 plugins.
Preloading 0 native plugins for Editor in 0.00 ms.
Mono: successfully reloaded assembly
- Completed reload, in  5.046 seconds
Domain Reload Profiling:
	ReloadAssembly (5048ms)
		BeginReloadAssembly (611ms)
			ExecutionOrderSort (0ms)
			DisableScriptedObjects (0ms)
			BackupInstance (0ms)
			ReleaseScriptingObjects (0ms)
			CreateAndSetChildDomain (3ms)
		EndReloadAssembly (3994ms)
			LoadAssemblies (604ms)
			RebuildTransferFunctionScriptingTraits (0ms)
			SetupTypeCache (470ms)
			ReleaseScriptCaches (0ms)
			RebuildScriptCaches (123ms)
			SetupLoadedEditorAssemblies (3206ms)
				LogAssemblyErrors (0ms)
				InitializePlatformSupportModulesInManaged (1508ms)
				SetLoadedEditorAssemblies (1ms)
				RefreshPlugins (533ms)
				BeforeProcessingInitializeOnLoad (7ms)
				ProcessInitializeOnLoadAttributes (870ms)
				ProcessInitializeOnLoadMethodAttributes (285ms)
				AfterProcessingInitializeOnLoad (1ms)
				EditorAssembliesLoaded (2ms)
			ExecutionOrderSort2 (0ms)
			AwakeInstancesAfterBackupRestoration (0ms)
Platform modules already initialized, skipping
Registering precompiled user dll's ...
Registered in 0.061403 seconds.
Begin MonoManager ReloadAssembly
Native extension for WindowsStandalone target not found
Native extension for WebGL target not found
Refreshing native plugins compatible for Editor in 395.19 ms, found 3 plugins.
Preloading 0 native plugins for Editor in 0.00 ms.
Package Manager log level set to [2]
[Package Manager] Server::EnsureServerProcessIsRunning -- launch failed, reason: Unity was launched with the -noUpm command-line argument
[Package Manager] Cannot connect to Unity Package Manager local server
Mono: successfully reloaded assembly
- Completed reload, in  7.445 seconds
Domain Reload Profiling:
	ReloadAssembly (7467ms)
		BeginReloadAssembly (553ms)
			ExecutionOrderSort (0ms)
			DisableScriptedObjects (22ms)
			BackupInstance (0ms)
			ReleaseScriptingObjects (1ms)
			CreateAndSetChildDomain (72ms)
		EndReloadAssembly (6479ms)
			LoadAssemblies (521ms)
			RebuildTransferFunctionScriptingTraits (0ms)
			SetupTypeCache (1372ms)
			ReleaseScriptCaches (2ms)
			RebuildScriptCaches (327ms)
			SetupLoadedEditorAssemblies (4207ms)
				LogAssemblyErrors (0ms)
				InitializePlatformSupportModulesInManaged (27ms)
				SetLoadedEditorAssemblies (1ms)
				RefreshPlugins (395ms)
				BeforeProcessingInitializeOnLoad (437ms)
				ProcessInitializeOnLoadAttributes (2867ms)
				ProcessInitializeOnLoadMethodAttributes (441ms)
				AfterProcessingInitializeOnLoad (38ms)
				EditorAssembliesLoaded (1ms)
			ExecutionOrderSort2 (0ms)
			AwakeInstancesAfterBackupRestoration (26ms)
Platform modules already initialized, skipping
========================================================================
Worker process is ready to serve import requests
Launched and connected shader compiler UnityShaderCompiler.exe after 0.59 seconds
Refreshing native plugins compatible for Editor in 3.76 ms, found 3 plugins.
Preloading 0 native plugins for Editor in 0.00 ms.
Unloading 5365 Unused Serialized files (Serialized files now loaded: 0)
Unloading 46 unused Assets / (408.7 KB). Loaded Objects now: 5825.
Memory consumption went from 215.6 MB to 215.2 MB.
Total: 18.979300 ms (FindLiveObjects: 2.218400 ms CreateObjectMapping: 1.379700 ms MarkObjects: 14.546000 ms  DeleteObjects: 0.830700 ms)

AssetImportParameters requested are different than current active one (requested -> active):
  custom:video-decoder-ogg-theora: a1e56fd34408186e4bbccfd4996cb3dc -> 
  custom:container-muxer-webm: aa71ff27fc2769a1b78a27578f13a17b -> 
  custom:container-demuxer-webm: 4f35f7cbe854078d1ac9338744f61a02 -> 
  custom:video-encoder-webm-vp8: eb34c28f22e8b96e1ab97ce403110664 -> 
  custom:CustomObjectIndexerAttribute: 6b0e35c9178b02a6363f3721b7b8e397 -> 
  custom:audio-encoder-webm-vorbis: bf7c407c2cedff20999df2af8eb42d56 -> 
  custom:framework-win-MediaFoundation: 216162199b28c13a410421893ffa2e32 -> 
  custom:SearchIndexIgnoredProperties: e643bd26f0fe6173181afceb89e7c659 -> 
  custom:container-demuxer-ogg: 62fdf1f143b41e24485cea50d1cbac27 -> 
  custom:video-decoder-webm-vp8: 9c59270c3fd7afecdb556c50c9e8de78 -> 
  custom:audio-decoder-ogg-vorbis: bf7c407c2cedff20999df2af8eb42d56 -> 
========================================================================
Received Prepare
Refreshing native plugins compatible for Editor in 19.02 ms, found 3 plugins.
Preloading 0 native plugins for Editor in 0.00 ms.
Unloading 25 Unused Serialized files (Serialized files now loaded: 0)
Unloading 25 unused Assets / (377.4 KB). Loaded Objects now: 5825.
Memory consumption went from 100.1 MB to 99.7 MB.
Total: 13.254500 ms (FindLiveObjects: 2.031200 ms CreateObjectMapping: 1.229900 ms MarkObjects: 9.687800 ms  DeleteObjects: 0.301800 ms)

AssetImportParameters requested are different than current active one (requested -> active):
  custom:video-decoder-ogg-theora: a1e56fd34408186e4bbccfd4996cb3dc -> 
  custom:container-muxer-webm: aa71ff27fc2769a1b78a27578f13a17b -> 
  custom:container-demuxer-webm: 4f35f7cbe854078d1ac9338744f61a02 -> 
  custom:video-encoder-webm-vp8: eb34c28f22e8b96e1ab97ce403110664 -> 
  custom:CustomObjectIndexerAttribute: 6b0e35c9178b02a6363f3721b7b8e397 -> 
  custom:audio-encoder-webm-vorbis: bf7c407c2cedff20999df2af8eb42d56 -> 
  custom:framework-win-MediaFoundation: 216162199b28c13a410421893ffa2e32 -> 
  custom:SearchIndexIgnoredProperties: e643bd26f0fe6173181afceb89e7c659 -> 
  custom:container-demuxer-ogg: 62fdf1f143b41e24485cea50d1cbac27 -> 
  custom:video-decoder-webm-vp8: 9c59270c3fd7afecdb556c50c9e8de78 -> 
  custom:audio-decoder-ogg-vorbis: bf7c407c2cedff20999df2af8eb42d56 -> 
========================================================================
Received Import Request.
  Time since last request: 26619.894461 seconds.
  path: Assets/Models/PlayerChar/MainChar_hair_weight_05.blend
  artifactKey: Guid(8285737d6cc993841b0d44863f7fbfc0) Importer(815301076,1909f56bfc062723c751e8b465ee728b)
Number of updated assets reloaded before import = 0
Start importing Assets/Models/PlayerChar/MainChar_hair_weight_05.blend using Guid(8285737d6cc993841b0d44863f7fbfc0) Importer(815301076,1909f56bfc062723c751e8b465ee728b)  -> (artifact id: '4d118be6614b73571975fc5c6b5e3c80') in 7.832993 seconds 
Number of asset objects unloaded after import = 723
========================================================================
Received Import Request.
  Time since last request: 0.000136 seconds.
  path: Assets/Models/PlayerChar/MainChar_hair_weight_06.blend
  artifactKey: Guid(c7240857716c46043ad5b89d55e59231) Importer(815301076,1909f56bfc062723c751e8b465ee728b)
Number of updated assets reloaded before import = 0
Start importing Assets/Models/PlayerChar/MainChar_hair_weight_06.blend using Guid(c7240857716c46043ad5b89d55e59231) Importer(815301076,1909f56bfc062723c751e8b465ee728b)  -> (artifact id: '29754fe758c6ba3dba0a38b2d865febc') in 1.408136 seconds 
Number of asset objects unloaded after import = 701
========================================================================
Received Import Request.
  Time since last request: 151.161435 seconds.
  path: Assets/Models/PlayerChar/MainChar_hair_weight_06.blend
  artifactKey: Guid(c7240857716c46043ad5b89d55e59231) Importer(815301076,1909f56bfc062723c751e8b465ee728b)
Number of updated assets reloaded before import = 0
Start importing Assets/Models/PlayerChar/MainChar_hair_weight_06.blend using Guid(c7240857716c46043ad5b89d55e59231) Importer(815301076,1909f56bfc062723c751e8b465ee728b)  -> (artifact id: '97aedc7b723e006076abb2a15a9e8abf') in 6.838173 seconds 
Number of asset objects unloaded after import = 590
========================================================================
Received Import Request.
  Time since last request: 48.469477 seconds.
  path: Assets/Models/PlayerChar/MainChar_clothes.blend
  artifactKey: Guid(30047d18aa798104bb535213046c28b7) Importer(815301076,1909f56bfc062723c751e8b465ee728b)
Number of updated assets reloaded before import = 0
Start importing Assets/Models/PlayerChar/MainChar_clothes.blend using Guid(30047d18aa798104bb535213046c28b7) Importer(815301076,1909f56bfc062723c751e8b465ee728b)  -> (artifact id: 'fa45e8e64005dc29f4b115417a98ddcc') in 3.622076 seconds 
Number of asset objects unloaded after import = 33
========================================================================
Received Import Request.
  Time since last request: 37.633411 seconds.
  path: Assets/Models/PlayerChar/MainChar_clothes_wight.blend
  artifactKey: Guid(4f7e43f73e64715468b4ab727f7e0aed) Importer(815301076,1909f56bfc062723c751e8b465ee728b)
Number of updated assets reloaded before import = 0
Start importing Assets/Models/PlayerChar/MainChar_clothes_wight.blend using Guid(4f7e43f73e64715468b4ab727f7e0aed) Importer(815301076,1909f56bfc062723c751e8b465ee728b)  -> (artifact id: '7cb2309abeb74164337e7ddd188256be') in 1.423714 seconds 
Number of asset objects unloaded after import = 597
========================================================================
Received Import Request.
  Time since last request: 82.582495 seconds.
  path: Assets/Models/PlayerChar/MainChar_clothes_weight.blend
  artifactKey: Guid(4f7e43f73e64715468b4ab727f7e0aed) Importer(815301076,1909f56bfc062723c751e8b465ee728b)
Number of updated assets reloaded before import = 0
Start importing Assets/Models/PlayerChar/MainChar_clothes_weight.blend using Guid(4f7e43f73e64715468b4ab727f7e0aed) Importer(815301076,1909f56bfc062723c751e8b465ee728b)  -> (artifact id: '2464b2bd364396680ed656a47bcde9c2') in 0.543983 seconds 
Number of asset objects unloaded after import = 597
========================================================================
Received Import Request.
  Time since last request: 10.271358 seconds.
  path: Assets/Models/PlayerChar/MainChar_clothes_04.blend
  artifactKey: Guid(3ea5c1873d79a1748a94819b6038d92b) Importer(815301076,1909f56bfc062723c751e8b465ee728b)
Number of updated assets reloaded before import = 0
Start importing Assets/Models/PlayerChar/MainChar_clothes_04.blend using Guid(3ea5c1873d79a1748a94819b6038d92b) Importer(815301076,1909f56bfc062723c751e8b465ee728b)  -> (artifact id: 'cdf042d059641f535ac5e1d26b8a5b14') in 0.677619 seconds 
Number of asset objects unloaded after import = 44
========================================================================
Received Prepare
Registering precompiled user dll's ...
Registered in 0.029318 seconds.
Begin MonoManager ReloadAssembly
Native extension for WindowsStandalone target not found
Native extension for WebGL target not found
Refreshing native plugins compatible for Editor in 3.53 ms, found 3 plugins.
Preloading 0 native plugins for Editor in 0.00 ms.
[Package Manager] Server::EnsureServerProcessIsRunning -- launch failed, reason: Unity was launched with the -noUpm command-line argument
[Package Manager] Cannot connect to Unity Package Manager local server
Mono: successfully reloaded assembly
- Completed reload, in  6.546 seconds
Domain Reload Profiling:
	ReloadAssembly (6548ms)
		BeginReloadAssembly (670ms)
			ExecutionOrderSort (0ms)
			DisableScriptedObjects (31ms)
			BackupInstance (0ms)
			ReleaseScriptingObjects (1ms)
			CreateAndSetChildDomain (156ms)
		EndReloadAssembly (5489ms)
			LoadAssemblies (555ms)
			RebuildTransferFunctionScriptingTraits (0ms)
			SetupTypeCache (1467ms)
			ReleaseScriptCaches (5ms)
			RebuildScriptCaches (228ms)
			SetupLoadedEditorAssemblies (2563ms)
				LogAssemblyErrors (0ms)
				InitializePlatformSupportModulesInManaged (36ms)
				SetLoadedEditorAssemblies (2ms)
				RefreshPlugins (4ms)
				BeforeProcessingInitializeOnLoad (310ms)
				ProcessInitializeOnLoadAttributes (1900ms)
				ProcessInitializeOnLoadMethodAttributes (276ms)
				AfterProcessingInitializeOnLoad (34ms)
				EditorAssembliesLoaded (1ms)
			ExecutionOrderSort2 (0ms)
			AwakeInstancesAfterBackupRestoration (92ms)
Platform modules already initialized, skipping
Refreshing native plugins compatible for Editor in 3.84 ms, found 3 plugins.
Preloading 0 native plugins for Editor in 0.00 ms.
Unloading 5231 Unused Serialized files (Serialized files now loaded: 0)
Unloading 45 unused Assets / (378.0 KB). Loaded Objects now: 5945.
Memory consumption went from 227.5 MB to 227.2 MB.
Total: 22.781900 ms (FindLiveObjects: 2.515100 ms CreateObjectMapping: 1.341200 ms MarkObjects: 18.388600 ms  DeleteObjects: 0.531400 ms)

AssetImportParameters requested are different than current active one (requested -> active):
  custom:video-decoder-ogg-theora: a1e56fd34408186e4bbccfd4996cb3dc -> 
  custom:container-muxer-webm: aa71ff27fc2769a1b78a27578f13a17b -> 
  custom:container-demuxer-webm: 4f35f7cbe854078d1ac9338744f61a02 -> 
  custom:video-encoder-webm-vp8: eb34c28f22e8b96e1ab97ce403110664 -> 
  custom:CustomObjectIndexerAttribute: 6b0e35c9178b02a6363f3721b7b8e397 -> 
  custom:audio-encoder-webm-vorbis: bf7c407c2cedff20999df2af8eb42d56 -> 
  custom:framework-win-MediaFoundation: 216162199b28c13a410421893ffa2e32 -> 
  custom:SearchIndexIgnoredProperties: e643bd26f0fe6173181afceb89e7c659 -> 
  custom:container-demuxer-ogg: 62fdf1f143b41e24485cea50d1cbac27 -> 
  custom:video-decoder-webm-vp8: 9c59270c3fd7afecdb556c50c9e8de78 -> 
  custom:audio-decoder-ogg-vorbis: bf7c407c2cedff20999df2af8eb42d56 -> 
========================================================================
Received Prepare
Registering precompiled user dll's ...
Registered in 0.044851 seconds.
Begin MonoManager ReloadAssembly
Native extension for WindowsStandalone target not found
Native extension for WebGL target not found
Refreshing native plugins compatible for Editor in 4.08 ms, found 3 plugins.
Preloading 0 native plugins for Editor in 0.00 ms.
[Package Manager] Server::EnsureServerProcessIsRunning -- launch failed, reason: Unity was launched with the -noUpm command-line argument
[Package Manager] Cannot connect to Unity Package Manager local server
Mono: successfully reloaded assembly
- Completed reload, in  9.159 seconds
Domain Reload Profiling:
	ReloadAssembly (9162ms)
		BeginReloadAssembly (953ms)
			ExecutionOrderSort (0ms)
			DisableScriptedObjects (34ms)
			BackupInstance (0ms)
			ReleaseScriptingObjects (1ms)
			CreateAndSetChildDomain (217ms)
		EndReloadAssembly (7509ms)
			LoadAssemblies (790ms)
			RebuildTransferFunctionScriptingTraits (0ms)
			SetupTypeCache (2004ms)
			ReleaseScriptCaches (9ms)
			RebuildScriptCaches (398ms)
			SetupLoadedEditorAssemblies (4010ms)
				LogAssemblyErrors (0ms)
				InitializePlatformSupportModulesInManaged (46ms)
				SetLoadedEditorAssemblies (3ms)
				RefreshPlugins (4ms)
				BeforeProcessingInitializeOnLoad (539ms)
				ProcessInitializeOnLoadAttributes (2999ms)
				ProcessInitializeOnLoadMethodAttributes (383ms)
				AfterProcessingInitializeOnLoad (34ms)
				EditorAssembliesLoaded (1ms)
			ExecutionOrderSort2 (0ms)
			AwakeInstancesAfterBackupRestoration (93ms)
Platform modules already initialized, skipping
Refreshing native plugins compatible for Editor in 3.19 ms, found 3 plugins.
Preloading 0 native plugins for Editor in 0.00 ms.
Unloading 5223 Unused Serialized files (Serialized files now loaded: 0)
Unloading 27 unused Assets / (377.8 KB). Loaded Objects now: 5960.
Memory consumption went from 226.8 MB to 226.4 MB.
Total: 13.835700 ms (FindLiveObjects: 2.613000 ms CreateObjectMapping: 1.200700 ms MarkObjects: 9.709400 ms  DeleteObjects: 0.308700 ms)

AssetImportParameters requested are different than current active one (requested -> active):
  custom:video-decoder-ogg-theora: a1e56fd34408186e4bbccfd4996cb3dc -> 
  custom:container-muxer-webm: aa71ff27fc2769a1b78a27578f13a17b -> 
  custom:container-demuxer-webm: 4f35f7cbe854078d1ac9338744f61a02 -> 
  custom:video-encoder-webm-vp8: eb34c28f22e8b96e1ab97ce403110664 -> 
  custom:CustomObjectIndexerAttribute: 6b0e35c9178b02a6363f3721b7b8e397 -> 
  custom:audio-encoder-webm-vorbis: bf7c407c2cedff20999df2af8eb42d56 -> 
  custom:framework-win-MediaFoundation: 216162199b28c13a410421893ffa2e32 -> 
  custom:SearchIndexIgnoredProperties: e643bd26f0fe6173181afceb89e7c659 -> 
  custom:container-demuxer-ogg: 62fdf1f143b41e24485cea50d1cbac27 -> 
  custom:video-decoder-webm-vp8: 9c59270c3fd7afecdb556c50c9e8de78 -> 
  custom:audio-decoder-ogg-vorbis: bf7c407c2cedff20999df2af8eb42d56 -> 
========================================================================
Received Import Request.
  Time since last request: 1823.180040 seconds.
  path: Assets/Models/PlayerChar/MainChar_hair_weight_06.blend
  artifactKey: Guid(c7240857716c46043ad5b89d55e59231) Importer(815301076,1909f56bfc062723c751e8b465ee728b)
Number of updated assets reloaded before import = 0
Start importing Assets/Models/PlayerChar/MainChar_hair_weight_06.blend using Guid(c7240857716c46043ad5b89d55e59231) Importer(815301076,1909f56bfc062723c751e8b465ee728b)  -> (artifact id: '32effc77727d2ec5584d8b17e7f885a0') in 1.700599 seconds 
Number of asset objects unloaded after import = 590
========================================================================
Received Import Request.
  Time since last request: 44.329822 seconds.
  path: Assets/Models/PlayerChar/MainChar_hair_weight.blend
  artifactKey: Guid(dcaf274d3933094479078f0ca8df2f46) Importer(815301076,1909f56bfc062723c751e8b465ee728b)
Number of updated assets reloaded before import = 0
Start importing Assets/Models/PlayerChar/MainChar_hair_weight.blend using Guid(dcaf274d3933094479078f0ca8df2f46) Importer(815301076,1909f56bfc062723c751e8b465ee728b)  -> (artifact id: '4dec42c2d84a67177c9c3672bb10813a') in 2.247403 seconds 
Number of asset objects unloaded after import = 825
========================================================================
Received Import Request.
  Time since last request: 0.851744 seconds.
  path: Assets/Models/PlayerChar/MainChar_hair_weight_03.blend
  artifactKey: Guid(e899eb75dea5df0429aa92071d8ec948) Importer(815301076,1909f56bfc062723c751e8b465ee728b)
Number of updated assets reloaded before import = 0
Start importing Assets/Models/PlayerChar/MainChar_hair_weight_03.blend using Guid(e899eb75dea5df0429aa92071d8ec948) Importer(815301076,1909f56bfc062723c751e8b465ee728b)  -> (artifact id: 'e0461cd48813c65b0a626ec6e381ec60') in 2.554016 seconds 
Number of asset objects unloaded after import = 770
========================================================================
Received Import Request.
  Time since last request: 0.000111 seconds.
  path: Assets/Models/PlayerChar/MainChar_hair_weight_02.blend
  artifactKey: Guid(1b65c6a9472355544af39333f4e440e1) Importer(815301076,1909f56bfc062723c751e8b465ee728b)
Number of updated assets reloaded before import = 0
Start importing Assets/Models/PlayerChar/MainChar_hair_weight_02.blend using Guid(1b65c6a9472355544af39333f4e440e1) Importer(815301076,1909f56bfc062723c751e8b465ee728b)  -> (artifact id: 'de3340b9b616c719d11d85af9626cd53') in 2.436798 seconds 
Number of asset objects unloaded after import = 805
========================================================================
Received Import Request.
  Time since last request: 15.954794 seconds.
  path: Assets/Models/PlayerChar/MainChar_clothes_03.blend
  artifactKey: Guid(3c2a9ea22d255ac43a5dd8b6f0325043) Importer(815301076,1909f56bfc062723c751e8b465ee728b)
Number of updated assets reloaded before import = 0
Start importing Assets/Models/PlayerChar/MainChar_clothes_03.blend using Guid(3c2a9ea22d255ac43a5dd8b6f0325043) Importer(815301076,1909f56bfc062723c751e8b465ee728b)  -> (artifact id: '424f35fb1ce320f6a230647b0d372bc8') in 0.764420 seconds 
Number of asset objects unloaded after import = 48
========================================================================
Received Import Request.
  Time since last request: 579.251643 seconds.
  path: Assets/Models/PlayerChar/MainChar_hair_weight_06.blend
  artifactKey: Guid(c7240857716c46043ad5b89d55e59231) Importer(815301076,1909f56bfc062723c751e8b465ee728b)
Number of updated assets reloaded before import = 0
Start importing Assets/Models/PlayerChar/MainChar_hair_weight_06.blend using Guid(c7240857716c46043ad5b89d55e59231) Importer(815301076,1909f56bfc062723c751e8b465ee728b)  -> (artifact id: 'ece86560296d9a2ffe71ee993b9033a5') in 0.274461 seconds 
Number of asset objects unloaded after import = 579
========================================================================
Received Import Request.
  Time since last request: 3.327984 seconds.
  path: Assets/Models/PlayerChar/MainChar_weight_03.blend
  artifactKey: Guid(09471ea3a43075248b3e01d4a87cba45) Importer(815301076,1909f56bfc062723c751e8b465ee728b)
Number of updated assets reloaded before import = 0
Start importing Assets/Models/PlayerChar/MainChar_weight_03.blend using Guid(09471ea3a43075248b3e01d4a87cba45) Importer(815301076,1909f56bfc062723c751e8b465ee728b)  -> (artifact id: 'b6115f974f55ab101a87a4f63f80ad81') in 0.737648 seconds 
Number of asset objects unloaded after import = 574
========================================================================
Received Import Request.
  Time since last request: 693.780406 seconds.
  path: Assets/Models/PlayerChar/MainChar.blend
  artifactKey: Guid(c1eea3089d19d084fb92ad849e46d41f) Importer(815301076,1909f56bfc062723c751e8b465ee728b)
Number of updated assets reloaded before import = 0
Start importing Assets/Models/PlayerChar/MainChar.blend using Guid(c1eea3089d19d084fb92ad849e46d41f) Importer(815301076,1909f56bfc062723c751e8b465ee728b)  -> (artifact id: '2687fe7f724834c62dfce69ba3d9c456') in 0.608716 seconds 
Number of asset objects unloaded after import = 606
========================================================================
Received Prepare
Registering precompiled user dll's ...
Registered in 0.025675 seconds.
Begin MonoManager ReloadAssembly
Native extension for WindowsStandalone target not found
Native extension for WebGL target not found
Refreshing native plugins compatible for Editor in 3.21 ms, found 3 plugins.
Preloading 0 native plugins for Editor in 0.00 ms.
[Package Manager] Server::EnsureServerProcessIsRunning -- launch failed, reason: Unity was launched with the -noUpm command-line argument
[Package Manager] Cannot connect to Unity Package Manager local server
Mono: successfully reloaded assembly
- Completed reload, in  6.032 seconds
Domain Reload Profiling:
	ReloadAssembly (6036ms)
		BeginReloadAssembly (796ms)
			ExecutionOrderSort (0ms)
			DisableScriptedObjects (40ms)
			BackupInstance (0ms)
			ReleaseScriptingObjects (0ms)
			CreateAndSetChildDomain (276ms)
		EndReloadAssembly (4770ms)
			LoadAssemblies (483ms)
			RebuildTransferFunctionScriptingTraits (0ms)
			SetupTypeCache (1326ms)
			ReleaseScriptCaches (7ms)
			RebuildScriptCaches (224ms)
			SetupLoadedEditorAssemblies (2431ms)
				LogAssemblyErrors (0ms)
				InitializePlatformSupportModulesInManaged (31ms)
				SetLoadedEditorAssemblies (2ms)
				RefreshPlugins (3ms)
				BeforeProcessingInitializeOnLoad (283ms)
				ProcessInitializeOnLoadAttributes (1802ms)
				ProcessInitializeOnLoadMethodAttributes (278ms)
				AfterProcessingInitializeOnLoad (31ms)
				EditorAssembliesLoaded (1ms)
			ExecutionOrderSort2 (0ms)
			AwakeInstancesAfterBackupRestoration (91ms)
Platform modules already initialized, skipping
Refreshing native plugins compatible for Editor in 4.59 ms, found 3 plugins.
Preloading 0 native plugins for Editor in 0.00 ms.
Unloading 5223 Unused Serialized files (Serialized files now loaded: 0)
Unloading 45 unused Assets / (377.9 KB). Loaded Objects now: 6013.
Memory consumption went from 227.9 MB to 227.6 MB.
Total: 24.236100 ms (FindLiveObjects: 1.923600 ms CreateObjectMapping: 1.772700 ms MarkObjects: 18.693700 ms  DeleteObjects: 1.837300 ms)

AssetImportParameters requested are different than current active one (requested -> active):
  custom:video-decoder-ogg-theora: a1e56fd34408186e4bbccfd4996cb3dc -> 
  custom:container-muxer-webm: aa71ff27fc2769a1b78a27578f13a17b -> 
  custom:container-demuxer-webm: 4f35f7cbe854078d1ac9338744f61a02 -> 
  custom:video-encoder-webm-vp8: eb34c28f22e8b96e1ab97ce403110664 -> 
  custom:CustomObjectIndexerAttribute: 6b0e35c9178b02a6363f3721b7b8e397 -> 
  custom:audio-encoder-webm-vorbis: bf7c407c2cedff20999df2af8eb42d56 -> 
  custom:framework-win-MediaFoundation: 216162199b28c13a410421893ffa2e32 -> 
  custom:SearchIndexIgnoredProperties: e643bd26f0fe6173181afceb89e7c659 -> 
  custom:container-demuxer-ogg: 62fdf1f143b41e24485cea50d1cbac27 -> 
  custom:video-decoder-webm-vp8: 9c59270c3fd7afecdb556c50c9e8de78 -> 
  custom:audio-decoder-ogg-vorbis: bf7c407c2cedff20999df2af8eb42d56 -> 
========================================================================
Received Import Request.
  Time since last request: 1266.349895 seconds.
  path: Assets/Models/PlayerChar/MainChar.blend
  artifactKey: Guid(c1eea3089d19d084fb92ad849e46d41f) Importer(815301076,1909f56bfc062723c751e8b465ee728b)
Number of updated assets reloaded before import = 0
Start importing Assets/Models/PlayerChar/MainChar.blend using Guid(c1eea3089d19d084fb92ad849e46d41f) Importer(815301076,1909f56bfc062723c751e8b465ee728b)  -> (artifact id: '6558e5d86cb8b442c7af5a8f5c1a9bf1') in 1.410699 seconds 
Number of asset objects unloaded after import = 606
========================================================================
Received Import Request.
  Time since last request: 667.973926 seconds.
  path: Assets/Models/Bandit01/Bandit01.blend
  artifactKey: Guid(17cb77c887ba7a147bfcf281f1e14dba) Importer(815301076,1909f56bfc062723c751e8b465ee728b)
Number of updated assets reloaded before import = 0
Start importing Assets/Models/Bandit01/Bandit01.blend using Guid(17cb77c887ba7a147bfcf281f1e14dba) Importer(815301076,1909f56bfc062723c751e8b465ee728b)  -> (artifact id: '831a236ad23ccc095c5eaccc8b1efb9b') in 0.814655 seconds 
Number of asset objects unloaded after import = 620
